21:28:53: --- Starting log ---
21:28:53: Initializing SDL...
21:28:53:   SDL 2.32.10 (x11)
21:28:53: Loading /home/psi29a/.config/opendf/opendf.cfg...
21:28:53: Loading cvar values...
21:28:53: Initializing VFS...
21:28:53: Loading /etc/xdg/opendf/settings.cfg...
21:28:53: Loading /etc/xdg/xdg-gnome/opendf/settings.cfg...
21:28:53: Loading /home/psi29a/.config/opendf/settings.cfg...
21:28:53: Loading ./settings.cfg...
21:28:53:   Setting root path /home/psi29a/.local/share/OpenDF/OpenDF/daggerfall/ARENA2...
21:28:54:   Adding data path /home/psi29a/Workspace/opendf/data...
21:28:54:   Adding data path /home/psi29a/Workspace/opendf/data/MyGUI_Media...
21:28:54: Creating window 1280x720, flags 0x6
21:28:54:   OpenSceneGraph 3.6.5
21:28:54: Initializing Texture Manager...
21:28:54: Initializing Mesh Manager...
21:28:54: Initializing Input...
21:28:54: Initializing GUI...
21:28:54:   OpenGL 4.6 (Compatibility Profile) Mesa 26.0.8-1ubuntu0.3 [AMD Radeon RX 6900 XT (radeonsi, navi21, ACO, DRM 3.64, 7.0.0-30-generic)]
21:28:54:   MyGUI 3.4.3
21:28:54: Climate 231
21:28:54: Entering Privateer's Hold
21:28:54: Unhandled action type: 0x00
21:29:47: Main loop shutting down...
21:29:47: Saving config /home/psi29a/.config/opendf/opendf.cfg...
